// Jest Snapshot v1, https://goo.gl/fbAQLP

exports[`Header renders correctly 1`] = `
<body>
  <div>
    <header
      style="background: rebeccapurple; margin-bottom: 0.5rem;"
    >
      <div
        style="margin: 0px auto; max-width: 960px; padding: 0.5rem 1.0875rem;"
      >
        <h1
          style="margin: 0px;"
        >
          <a
            href="/"
            style="color: white; text-decoration: none;"
          >
            Default Starter
          </a>
        </h1>
      </div>
    </header>
  </div>
</body>
`;
